// Vitest Snapshot v1, https://vitest.dev/guide/snapshot.html

exports[`PreviousSearches > should render PreviousSearches correctly 1`] = `
<div>
  <div
    class="previous-searches"
  >
    <h2>
      Previous Searches
    </h2>
    <ul
      class="previous-searches-list"
    >
      <li>
        test1
      </li>
      <li>
        test2
      </li>
    </ul>
  </div>
</div>
`;
